                                 Started job on |	Sep 23 22:16:19
                             Started mapping on |	Sep 23 22:16:21
                                    Finished on |	Sep 23 22:18:47
       Mapping speed, Million of reads per hour |	117.66

                          Number of input reads |	4771934
                      Average input read length |	125
                                    UNIQUE READS:
                   Uniquely mapped reads number |	1067282
                        Uniquely mapped reads % |	22.37%
                          Average mapped length |	123.68
                       Number of splices: Total |	328943
            Number of splices: Annotated (sjdb) |	321955
                       Number of splices: GT/AG |	324398
                       Number of splices: GC/AG |	3279
                       Number of splices: AT/AC |	86
               Number of splices: Non-canonical |	1180
                      Mismatch rate per base, % |	1.43%
                         Deletion rate per base |	0.01%
                        Deletion average length |	1.76
                        Insertion rate per base |	0.02%
                       Insertion average length |	1.84
                             MULTI-MAPPING READS:
        Number of reads mapped to multiple loci |	48723
             % of reads mapped to multiple loci |	1.02%
        Number of reads mapped to too many loci |	1079
             % of reads mapped to too many loci |	0.02%
                                  UNMAPPED READS:
  Number of reads unmapped: too many mismatches |	0
       % of reads unmapped: too many mismatches |	0.00%
            Number of reads unmapped: too short |	3653300
                 % of reads unmapped: too short |	76.56%
                Number of reads unmapped: other |	1550
                     % of reads unmapped: other |	0.03%
                                  CHIMERIC READS:
                       Number of chimeric reads |	0
                            % of chimeric reads |	0.00%
