                                 Started job on |	Sep 23 22:13:42
                             Started mapping on |	Sep 23 22:13:44
                                    Finished on |	Sep 23 22:16:17
       Mapping speed, Million of reads per hour |	111.06

                          Number of input reads |	4720210
                      Average input read length |	124
                                    UNIQUE READS:
                   Uniquely mapped reads number |	1033364
                        Uniquely mapped reads % |	21.89%
                          Average mapped length |	123.33
                       Number of splices: Total |	288037
            Number of splices: Annotated (sjdb) |	280980
                       Number of splices: GT/AG |	283896
                       Number of splices: GC/AG |	2879
                       Number of splices: AT/AC |	85
               Number of splices: Non-canonical |	1177
                      Mismatch rate per base, % |	1.49%
                         Deletion rate per base |	0.02%
                        Deletion average length |	1.78
                        Insertion rate per base |	0.02%
                       Insertion average length |	1.67
                             MULTI-MAPPING READS:
        Number of reads mapped to multiple loci |	47398
             % of reads mapped to multiple loci |	1.00%
        Number of reads mapped to too many loci |	1040
             % of reads mapped to too many loci |	0.02%
                                  UNMAPPED READS:
  Number of reads unmapped: too many mismatches |	0
       % of reads unmapped: too many mismatches |	0.00%
            Number of reads unmapped: too short |	3637057
                 % of reads unmapped: too short |	77.05%
                Number of reads unmapped: other |	1351
                     % of reads unmapped: other |	0.03%
                                  CHIMERIC READS:
                       Number of chimeric reads |	0
                            % of chimeric reads |	0.00%
