                                 Started job on |	Sep 23 22:08:38
                             Started mapping on |	Sep 23 22:08:40
                                    Finished on |	Sep 23 22:11:09
       Mapping speed, Million of reads per hour |	113.75

                          Number of input reads |	4707807
                      Average input read length |	124
                                    UNIQUE READS:
                   Uniquely mapped reads number |	1002592
                        Uniquely mapped reads % |	21.30%
                          Average mapped length |	123.38
                       Number of splices: Total |	304250
            Number of splices: Annotated (sjdb) |	297174
                       Number of splices: GT/AG |	300078
                       Number of splices: GC/AG |	2862
                       Number of splices: AT/AC |	96
               Number of splices: Non-canonical |	1214
                      Mismatch rate per base, % |	1.37%
                         Deletion rate per base |	0.02%
                        Deletion average length |	1.81
                        Insertion rate per base |	0.02%
                       Insertion average length |	1.75
                             MULTI-MAPPING READS:
        Number of reads mapped to multiple loci |	43963
             % of reads mapped to multiple loci |	0.93%
        Number of reads mapped to too many loci |	953
             % of reads mapped to too many loci |	0.02%
                                  UNMAPPED READS:
  Number of reads unmapped: too many mismatches |	0
       % of reads unmapped: too many mismatches |	0.00%
            Number of reads unmapped: too short |	3658940
                 % of reads unmapped: too short |	77.72%
                Number of reads unmapped: other |	1359
                     % of reads unmapped: other |	0.03%
                                  CHIMERIC READS:
                       Number of chimeric reads |	0
                            % of chimeric reads |	0.00%
