                                 Started job on |	Sep 23 22:03:43
                             Started mapping on |	Sep 23 22:03:46
                                    Finished on |	Sep 23 22:06:12
       Mapping speed, Million of reads per hour |	115.89

                          Number of input reads |	4700124
                      Average input read length |	124
                                    UNIQUE READS:
                   Uniquely mapped reads number |	1040908
                        Uniquely mapped reads % |	22.15%
                          Average mapped length |	123.37
                       Number of splices: Total |	323519
            Number of splices: Annotated (sjdb) |	316411
                       Number of splices: GT/AG |	319119
                       Number of splices: GC/AG |	3065
                       Number of splices: AT/AC |	82
               Number of splices: Non-canonical |	1253
                      Mismatch rate per base, % |	1.35%
                         Deletion rate per base |	0.02%
                        Deletion average length |	1.78
                        Insertion rate per base |	0.02%
                       Insertion average length |	1.78
                             MULTI-MAPPING READS:
        Number of reads mapped to multiple loci |	47979
             % of reads mapped to multiple loci |	1.02%
        Number of reads mapped to too many loci |	1061
             % of reads mapped to too many loci |	0.02%
                                  UNMAPPED READS:
  Number of reads unmapped: too many mismatches |	0
       % of reads unmapped: too many mismatches |	0.00%
            Number of reads unmapped: too short |	3608620
                 % of reads unmapped: too short |	76.78%
                Number of reads unmapped: other |	1556
                     % of reads unmapped: other |	0.03%
                                  CHIMERIC READS:
                       Number of chimeric reads |	0
                            % of chimeric reads |	0.00%
