                                 Started job on |	Sep 23 22:06:14
                             Started mapping on |	Sep 23 22:06:17
                                    Finished on |	Sep 23 22:08:37
       Mapping speed, Million of reads per hour |	124.20

                          Number of input reads |	4829848
                      Average input read length |	125
                                    UNIQUE READS:
                   Uniquely mapped reads number |	1131010
                        Uniquely mapped reads % |	23.42%
                          Average mapped length |	124.12
                       Number of splices: Total |	352286
            Number of splices: Annotated (sjdb) |	344834
                       Number of splices: GT/AG |	347229
                       Number of splices: GC/AG |	3694
                       Number of splices: AT/AC |	110
               Number of splices: Non-canonical |	1253
                      Mismatch rate per base, % |	1.38%
                         Deletion rate per base |	0.02%
                        Deletion average length |	1.72
                        Insertion rate per base |	0.02%
                       Insertion average length |	1.72
                             MULTI-MAPPING READS:
        Number of reads mapped to multiple loci |	53296
             % of reads mapped to multiple loci |	1.10%
        Number of reads mapped to too many loci |	1063
             % of reads mapped to too many loci |	0.02%
                                  UNMAPPED READS:
  Number of reads unmapped: too many mismatches |	0
       % of reads unmapped: too many mismatches |	0.00%
            Number of reads unmapped: too short |	3643023
                 % of reads unmapped: too short |	75.43%
                Number of reads unmapped: other |	1456
                     % of reads unmapped: other |	0.03%
                                  CHIMERIC READS:
                       Number of chimeric reads |	0
                            % of chimeric reads |	0.00%
